============================= test session starts =============================
platform win32 -- Python 3.12.10, pytest-9.0.3, pluggy-1.6.0
Using --randomly-seed=1366793742
rootdir: C:\Users\admin\Documents\zen\portal\backend
configfile: pyproject.toml
plugins: anyio-4.13.0, asyncio-1.3.0, cov-7.1.0, mock-3.15.1, randomly-4.1.0, xdist-3.8.0
asyncio: mode=Mode.AUTO, debug=False, asyncio_default_fixture_loop_scope=None, asyncio_default_test_loop_scope=function
collected 57 items

tests\unit\test_config.py ......                                         [ 10%]
tests\unit\test_system_settings.py ........sssss........................ [ 75%]
..............                                                           [100%]

=========================== short test summary info ===========================
SKIPPED [5] tests\unit\test_system_settings.py:189: POSIX sh not available
======================== 52 passed, 5 skipped in 5.85s ========================
